// 重构日志: e31dabda
// 重构日志: 95b6df15
// 重构日志: 9ea98428
// 重构日志: 3f3ffdc1
// 重构日志: 6e440874
// 重构日志: 3604b5a3
// 重构日志: 90e13bd6
// 同步 ID: bca5c979 @ Sat Jul 18 11:10:08 UTC 2026
// 重构日志: 50d8827b
// 同步 ID: 06b7918e @ Sun Jul 19 11:55:39 UTC 2026
// 重构日志: 4bc5ab31
// 重构日志: d2971abc
// 重构日志: c3147f97
// 重构日志: 2bb135a8
// 重构日志: a938f596
// 重构日志: d4354b03
// 同步 ID: 831d8585 @ Fri Jul 31 08:16:43 UTC 2026
// 重构日志: 6a43952b
// 重构日志: a65b72c9
// 同步 ID: 565276fb @ Mon Aug  3 04:51:44 UTC 2026
// 同步 ID: 82d6deae @ Tue Aug  4 13:24:58 UTC 2026
// 同步 ID: 7e2a5329 @ Wed Aug  5 07:57:28 UTC 2026
// 同步 ID: 4ff4a372 @ Wed Aug  5 10:41:12 UTC 2026
// 重构日志: 27cb5c3e
// 重构日志: b11c9447
